C51 COMPILER V9.60.0.0   MMATH                                                             01/16/2021 11:44:20 PAGE 1   


C51 COMPILER V9.60.0.0, COMPILATION OF MODULE MMATH
OBJECT MODULE PLACED IN .\OBJ\MMath.obj
COMPILER INVOKED BY: D:\sofeware\Keil\Keil5_MDK\C51\BIN\C51.EXE LIB\M_Math\MMath.c OPTIMIZE(9,SPEED) BROWSE INCDIR(.\USE
                    -R;.\LIB\Data;.\LIB\eeprom;.\LIB\FunctionOS;.\LIB\Mode;.\LIB\OSAL;.\LIB\Scan;.\LIB\Scankey;.\LIB\SEG;.\LIB\Tick;.\LIB\H;.
                    -\LIB\M_IO;.\LIB\M_Math;.\LIB\DATAST;.\LIB\IIC) DEBUG OBJECTEXTEND PRINT(.\Listings\MMath.lst) TABS(2) OBJECT(.\OBJ\MMath
                    -.obj)

line level    source

   1          #include "MMath.h"
   2          #include "stdlib.h"
   3          #define US_GET_RANDOM 0
   4          
   5          #if US_GET_RANDOM
              uint R_Seed;
              uint get_new_seed(){
                  R_Seed+=17;
                  return R_Seed;
              }
              //
              uint get_Random(uint Random_Max,uint Random_Min){
                  srand(R_Seed);
                  R_Seed=(R_Seed%65500)+7;
                  return rand()%(Random_Max-Random_Min)+Random_Min;
              }
              #endif


MODULE INFORMATION:   STATIC OVERLAYABLE
   CODE SIZE        =   ----    ----
   CONSTANT SIZE    =   ----    ----
   XDATA SIZE       =   ----    ----
   PDATA SIZE       =   ----    ----
   DATA SIZE        =   ----    ----
   IDATA SIZE       =   ----    ----
   BIT SIZE         =   ----    ----
END OF MODULE INFORMATION.


C51 COMPILATION COMPLETE.  0 WARNING(S),  0 ERROR(S)
